// Jest Snapshot v1, https://goo.gl/fbAQLP

exports[`renders correctly 1`] = `
<div
  className="container"
>
  <div
    className="header"
  >
    <div
      className="text"
    >
      Sign Up
    </div>
    <div
      className="underline"
    />
  </div>
  <div
    className="inputs"
  >
    <div
      className="input"
    >
      <img
        alt="user icon"
        src="email.png"
      />
      <input
        className="input"
        id="email"
        onChange={[Function]}
        placeholder="Your Email"
        type="text"
      />
    </div>
    <div
      className="input"
    >
      <img
        alt="user icon"
        src="password.png"
      />
      <input
        autoComplete="off"
        className="input"
        id="password"
        onChange={[Function]}
        placeholder="Your Password"
        type="password"
        value=""
      />
    </div>
    <div
      className="submit-container"
    >
      <button
        className="submit"
        onClick={[Function]}
        type="button"
      >
        Sign Up
      </button>
    </div>
    <div
      className="submit-container"
    >
      <p
        className="submit-extend"
        onClick={[Function]}
      >
        Login
      </p>
    </div>
  </div>
  <div
    className="sc-aXZVg kPqmRC"
  />
</div>
`;
